// Jest Snapshot v1, https://goo.gl/fbAQLP

exports[`matches snapshot 1`] = `
<DocumentFragment>
  <li
    class="friend-i-say"
  >
    <h3 />
    <div
      class="drop dropdown"
    >
      <button
        aria-expanded="false"
        aria-haspopup="true"
        class="dropdown-toggle btn btn-secondary"
        type="button"
      >
        Actions
      </button>
      <div
        aria-hidden="true"
        class="dropdown-menu"
        role="menu"
        tabindex="-1"
      >
        <a
          href="/responses/undefined"
          style="text-decoration: none;"
        >
          <button
            class="dropdown-item"
            role="menuitem"
            style="text-decoration: none;"
            tabindex="0"
            type="button"
          >
            Program Responses
          </button>
        </a>
        <button
          class="dropdown-item"
          role="menuitem"
          tabindex="0"
          type="button"
        >
          Edit Statement
        </button>
        <button
          class="dropdown-item"
          id="delete"
          role="menuitem"
          tabindex="0"
          type="button"
        >
          Delete Statement
        </button>
      </div>
    </div>
  </li>
</DocumentFragment>
`;
