// Jest Snapshot v1, https://goo.gl/fbAQLP

exports[`matches snapshot 1`] = `
<DocumentFragment>
  <div
    class="chat-container"
  >
    <div
      class="chat-room-container"
    >
      <ul
        class="chat-spot"
      >
        <li
          class="chat-text"
          style="text-align: left;"
        >
          <img
            alt="avatar"
            class="chat-avatar"
            src="brain.jpg"
          />
          lets chat
        </li>
      </ul>
      <form
        autocomplete="off"
        class="chat-form"
      >
        <input
          autocomplete="off"
          class="chat-input"
          name="statement"
          type="text"
          value=""
        />
        <button
          class="chat-button"
        >
          Send
        </button>
      </form>
    </div>
  </div>
</DocumentFragment>
`;
