// Jest Snapshot v1, https://goo.gl/fbAQLP

exports[`matches snapshot 1`] = `
<DocumentFragment>
  <div
    class="signup-container"
  >
    <div
      class="form-container"
    >
      <div
        class="form-inner"
      >
        <h3
          class="form-title"
        >
          Sign Up
        </h3>
        <form
          class="form-input-container"
        >
          <div
            class="form-input-group"
          >
            <label
              for="username"
            >
              username
            </label>
            <input
              class="form-input"
              data-testid="username"
              name="username"
              placeholder="username"
              required=""
              type="text"
              value=""
            />
          </div>
          <div
            class="form-input-group"
          >
            <label
              for="password"
            >
              password
            </label>
            <input
              class="form-input"
              data-testid="password"
              name="password"
              placeholder="password"
              required=""
              type="text"
              value=""
            />
          </div>
          <div
            class="form-input-group"
          >
            <label
              for="email"
            >
              email
            </label>
            <input
              class="form-input"
              data-testid="email"
              name="email"
              placeholder="email"
              required=""
              type="text"
              value=""
            />
          </div>
          <div
            class="form-input-group"
          >
            <label
              for="firstName"
            >
              firstName
            </label>
            <input
              class="form-input"
              data-testid="firstName"
              name="firstName"
              placeholder="firstName"
              required=""
              type="text"
              value=""
            />
          </div>
          <div
            class="form-input-group"
          >
            <label
              for="lastName"
            >
              lastName
            </label>
            <input
              class="form-input"
              data-testid="lastName"
              name="lastName"
              placeholder="lastName"
              required=""
              type="text"
              value=""
            />
          </div>
          <button
            class="form-button"
            data-testid="button"
            type="submit"
          >
            Sign Up
          </button>
        </form>
      </div>
    </div>
  </div>
</DocumentFragment>
`;
