// Jest Snapshot v1, https://goo.gl/fbAQLP

exports[`matches snapshot 1`] = `
<DocumentFragment>
  <li
    class="friend"
  >
    <img
      alt="avatar"
      class="friend-avatar"
      src="brain.jpg"
    />
    <h5 />
    <p
      class="friend-description"
    />
    <div
      class="drop dropdown"
    >
      <button
        aria-expanded="false"
        aria-haspopup="true"
        class="dropdown-toggle btn btn-secondary"
        type="button"
      >
        Actions
      </button>
      <div
        aria-hidden="true"
        class="dropdown-menu"
        role="menu"
        tabindex="-1"
      >
        <a
          href="/friend/undefined"
          style="text-decoration: none;"
        >
          <button
            class="dropdown-item"
            role="menuitem"
            tabindex="0"
            type="button"
          >
            Program Friend
          </button>
        </a>
        <a
          href="/chat/undefined"
          style="text-decoration: none;"
        >
          <button
            class="dropdown-item"
            role="menuitem"
            tabindex="0"
            type="button"
          >
            Chat
          </button>
        </a>
        <button
          class="dropdown-item"
          role="menuitem"
          tabindex="0"
          type="button"
        >
          Edit Friend
        </button>
        <button
          class="dropdown-item"
          id="delete"
          role="menuitem"
          tabindex="0"
          type="button"
        >
          Delete Friend
        </button>
      </div>
    </div>
  </li>
</DocumentFragment>
`;
