// Jest Snapshot v1, https://goo.gl/fbAQLP

exports[`matches snapshot 1`] = `
<DocumentFragment>
  <ul
    class="friends-list"
  >
    <div
      class="container-button"
    >
      <button
        class="btn btn-secondary"
        type="button"
      >
        ADD FRIEND
      </button>
    </div>
  </ul>
</DocumentFragment>
`;
