// Jest Snapshot v1, https://goo.gl/fbAQLP

exports[`matches snapshot 1`] = `
<DocumentFragment>
  <ul
    class="response"
  >
    hey
    <div
      class="dropdown"
    >
      <button
        aria-expanded="false"
        aria-haspopup="true"
        class="dropdown-toggle btn btn-secondary"
        type="button"
      >
        Actions
      </button>
      <div
        aria-hidden="true"
        class="dropdown-menu"
        role="menu"
        tabindex="-1"
      >
        <button
          class="dropdown-item"
          role="menuitem"
          tabindex="0"
          type="button"
        >
          Edit Response
        </button>
        <button
          class="dropdown-item"
          role="menuitem"
          tabindex="0"
          type="button"
        >
          Delete Response
        </button>
      </div>
    </div>
  </ul>
</DocumentFragment>
`;
